
> tagspotter@1.0.0 test
> ng test --watch=false --browsers=ChromeHeadless

npm.cmd : - Generating browser application bundles (phase: setup)...
At line:1 char:1
+ npm.cmd run test -- --watch=false --browsers=ChromeHeadless > test_ou ...
+ ~~~~~~~~~~~~~~~~~~~~~~~~~~~~~~~~~~~~~~~~~~~~~~~~~~~~~~~~~~~~~~~~~~~~~
    + CategoryInfo          : NotSpecified: (- Generating br...hase: setup)...:String) [], RemoteException
    + FullyQualifiedErrorId : NativeCommandError
 
Γ£ö Browser application bundle generation complete.
[32m01 04 2026 22:26:01.118:INFO [karma-server]: [39mKarma v6.4.4 server started at http://localhost:9876/
[32m01 04 2026 22:26:01.119:INFO [launcher]: [39mLaunching browsers ChromeHeadless with concurrency unlimited
[32m01 04 2026 22:26:01.122:INFO [launcher]: [39mStarting browser ChromeHeadless
[32m01 04 2026 22:26:02.085:INFO [Chrome Headless 146.0.0.0 (Windows 10)]: [39mConnected on socket HFL1qy_lfiWeZQocAAAB with id 74928740
Chrome Headless 146.0.0.0 (Windows 10): Executed 0 of 36[32m SUCCESS[39m (0 secs / 0 secs)
[1A[2KChrome Headless 146.0.0.0 (Windows 10): Executed 1 of 36[32m SUCCESS[39m (0 secs / 0.007 secs)
[1A[2KChrome Headless 146.0.0.0 (Windows 10): Executed 2 of 36[32m SUCCESS[39m (0 secs / 0.009 secs)
[1A[2KChrome Headless 146.0.0.0 (Windows 10): Executed 3 of 36[32m SUCCESS[39m (0 secs / 0.094 secs)
[1A[2KChrome Headless 146.0.0.0 (Windows 10): Executed 4 of 36[32m SUCCESS[39m (0 secs / 0.111 secs)
[1A[2KChrome Headless 146.0.0.0 (Windows 10): Executed 5 of 36[32m SUCCESS[39m (0 secs / 0.128 secs)
[1A[2KChrome Headless 146.0.0.0 (Windows 10): Executed 6 of 36[32m SUCCESS[39m (0 secs / 0.141 secs)
[1A[2KChrome Headless 146.0.0.0 (Windows 10): Executed 7 of 36[32m SUCCESS[39m (0 secs / 0.157 secs)
[1A[2KChrome Headless 146.0.0.0 (Windows 10): Executed 8 of 36[32m SUCCESS[39m (0 secs / 0.176 secs)
[1A[2KChrome Headless 146.0.0.0 (Windows 10): Executed 9 of 36[32m SUCCESS[39m (0 secs / 0.187 secs)
[1A[2KChrome Headless 146.0.0.0 (Windows 10): Executed 10 of 36[32m SUCCESS[39m (0 secs / 0.203 secs)
[1A[2KChrome Headless 146.0.0.0 (Windows 10): Executed 11 of 36[32m SUCCESS[39m (0 secs / 0.218 secs)
[1A[2KChrome Headless 146.0.0.0 (Windows 10): Executed 12 of 36[32m SUCCESS[39m (0 secs / 0.219 secs)
[1A[2KChrome Headless 146.0.0.0 (Windows 10): Executed 13 of 36[32m SUCCESS[39m (0 secs / 0.228 secs)
[1A[2KChrome Headless 146.0.0.0 (Windows 10): Executed 14 of 36[32m SUCCESS[39m (0 secs / 0.231 secs)
[1A[2KChrome Headless 146.0.0.0 (Windows 10): Executed 15 of 36[32m SUCCESS[39m (0 secs / 0.233 secs)
[1A[2KChrome Headless 146.0.0.0 (Windows 10): Executed 16 of 36[32m SUCCESS[39m (0 secs / 0.234 secs)
[1A[2KChrome Headless 146.0.0.0 (Windows 10): Executed 17 of 36[32m SUCCESS[39m (0 secs / 0.235 secs)
[1A[2KChrome Headless 146.0.0.0 (Windows 10): Executed 18 of 36[32m SUCCESS[39m (0 secs / 0.236 secs)
[1A[2KChrome Headless 146.0.0.0 (Windows 10): Executed 19 of 36[32m SUCCESS[39m (0 secs / 0.237 secs)
[1A[2KChrome Headless 146.0.0.0 (Windows 10): Executed 20 of 36[32m SUCCESS[39m (0 secs / 0.238 secs)
[1A[2KChrome Headless 146.0.0.0 (Windows 10): Executed 21 of 36[32m SUCCESS[39m (0 secs / 0.239 secs)
[1A[2KChrome Headless 146.0.0.0 (Windows 10): Executed 22 of 36[32m SUCCESS[39m (0 secs / 0.24 secs)
[1A[2KChrome Headless 146.0.0.0 (Windows 10): Executed 23 of 36[32m SUCCESS[39m (0 secs / 0.24 secs)
[1A[2KChrome Headless 146.0.0.0 (Windows 10): Executed 24 of 36[32m SUCCESS[39m (0 secs / 0.241 secs)
[1A[2KChrome Headless 146.0.0.0 (Windows 10): Executed 25 of 36[32m SUCCESS[39m (0 secs / 0.242 secs)
[1A[2K[31mChrome Headless 146.0.0.0 (Windows 10) StateService loads stored progress that still contains legacy coordinates FAILED[39m
	TypeError: Cannot read properties of undefined (reading 'map')
	    at cloneStoredStates (src/app/models/game-state.model.ts:158:17)
	    at src/app/services/state.service.ts:91:34
	    at Generator.next (<anonymous>)
	    at asyncGeneratorStep (node_modules/@babel/runtime/helpers/esm/asyncToGenerator.js:3:1)
	    at apply (node_modules/@babel/runtime/helpers/esm/asyncToGenerator.js:17:1)
	    at _ZoneDelegate.invoke (node_modules/zone.js/fesm2015/zone.js:398:28)
	    at ProxyZoneSpec.onInvoke (node_modules/zone.js/fesm2015/zone-testing.js:2132:39)
	    at _ZoneDelegate.invoke (node_modules/zone.js/fesm2015/zone.js:397:34)
	    at ZoneImpl.run (node_modules/zone.js/fesm2015/zone.js:113:43)
	    at node_modules/zone.js/fesm2015/zone.js:2537:40
Chrome Headless 146.0.0.0 (Windows 10): Executed 26 of 36[31m (1 FAILED)[39m (0 secs / 0.243 secs)
[1A[2KChrome Headless 146.0.0.0 (Windows 10): Executed 27 of 36[31m (1 FAILED)[39m (0 secs / 0.244 secs)
[1A[2KChrome Headless 146.0.0.0 (Windows 10): Executed 28 of 36[31m (1 FAILED)[39m (0 secs / 0.244 secs)
[1A[2KChrome Headless 146.0.0.0 (Windows 10): Executed 29 of 36[31m (1 FAILED)[39m (0 secs / 0.244 secs)
[1A[2KChrome Headless 146.0.0.0 (Windows 10): Executed 30 of 36[31m (1 FAILED)[39m (0 secs / 0.245 secs)
[1A[2KChrome Headless 146.0.0.0 (Windows 10): Executed 31 of 36[31m (1 FAILED)[39m (0 secs / 0.253 secs)
[1A[2KChrome Headless 146.0.0.0 (Windows 10): Executed 32 of 36[31m (1 FAILED)[39m (0 secs / 0.263 secs)
[1A[2KChrome Headless 146.0.0.0 (Windows 10): Executed 33 of 36[31m (1 FAILED)[39m (0 secs / 0.266 secs)
[1A[2KChrome Headless 146.0.0.0 (Windows 10): Executed 34 of 36[31m (1 FAILED)[39m (0 secs / 0.268 secs)
[1A[2KChrome Headless 146.0.0.0 (Windows 10): Executed 35 of 36[31m (1 FAILED)[39m (0 secs / 0.27 secs)
[1A[2KChrome Headless 146.0.0.0 (Windows 10): Executed 36 of 36[31m (1 FAILED)[39m (0 secs / 0.272 secs)
[1A[2KChrome Headless 146.0.0.0 (Windows 10): Executed 36 of 36[31m (1 FAILED)[39m (0.289 secs / 0.272 secs)
[31mTOTAL: 1 FAILED, 35 SUCCESS[39m
Γ£ö Browser application bundle generation complete.
Γ£ö Browser application bundle generation complete.
